/Users/sheevpalpatine/Desktop/Coding/Full_Stack_Projects/Zillow/Project/Zillow/Zillow/zillow-common/src/main/java/com/example/entity/Item.java
/Users/sheevpalpatine/Desktop/Coding/Full_Stack_Projects/Zillow/Project/Zillow/Zillow/zillow-common/src/main/java/com/example/message/ZillowBuyMessage.java
/Users/sheevpalpatine/Desktop/Coding/Full_Stack_Projects/Zillow/Project/Zillow/Zillow/zillow-common/src/main/java/com/example/entity/Order.java
/Users/sheevpalpatine/Desktop/Coding/Full_Stack_Projects/Zillow/Project/Zillow/Zillow/zillow-common/src/main/java/com/example/entity/LoginLog.java
/Users/sheevpalpatine/Desktop/Coding/Full_Stack_Projects/Zillow/Project/Zillow/Zillow/zillow-common/src/main/java/com/example/vo/ZillowResult.java
/Users/sheevpalpatine/Desktop/Coding/Full_Stack_Projects/Zillow/Project/Zillow/Zillow/zillow-common/src/main/java/com/example/entity/User.java
/Users/sheevpalpatine/Desktop/Coding/Full_Stack_Projects/Zillow/Project/Zillow/Zillow/zillow-common/src/main/java/com/example/entity/Comment.java
/Users/sheevpalpatine/Desktop/Coding/Full_Stack_Projects/Zillow/Project/Zillow/Zillow/zillow-common/src/main/java/com/example/entity/HouseImage.java
/Users/sheevpalpatine/Desktop/Coding/Full_Stack_Projects/Zillow/Project/Zillow/Zillow/zillow-common/src/main/java/com/example/entity/Banner.java
/Users/sheevpalpatine/Desktop/Coding/Full_Stack_Projects/Zillow/Project/Zillow/Zillow/zillow-common/src/main/java/com/example/entity/VerificationCode.java
