/Users/sheevpalpatine/Desktop/Coding/Full_Stack_Projects/Zillow/Project/Zillow/Zillow/zillow-user/src/main/java/com/example/UserApplication.java
/Users/sheevpalpatine/Desktop/Coding/Full_Stack_Projects/Zillow/Project/Zillow/Zillow/zillow-user/src/main/java/com/example/dao/impl/VerificationDaoImpl.java
/Users/sheevpalpatine/Desktop/Coding/Full_Stack_Projects/Zillow/Project/Zillow/Zillow/zillow-user/src/main/java/com/example/service/UserService.java
/Users/sheevpalpatine/Desktop/Coding/Full_Stack_Projects/Zillow/Project/Zillow/Zillow/zillow-user/src/main/java/com/example/service/impl/UserServiceImpl.java
/Users/sheevpalpatine/Desktop/Coding/Full_Stack_Projects/Zillow/Project/Zillow/Zillow/zillow-user/src/main/java/com/example/config/SecurityConfig.java
/Users/sheevpalpatine/Desktop/Coding/Full_Stack_Projects/Zillow/Project/Zillow/Zillow/zillow-user/src/main/java/com/example/dao/UserDao.java
/Users/sheevpalpatine/Desktop/Coding/Full_Stack_Projects/Zillow/Project/Zillow/Zillow/zillow-user/src/main/java/com/example/service/DetailService.java
/Users/sheevpalpatine/Desktop/Coding/Full_Stack_Projects/Zillow/Project/Zillow/Zillow/zillow-user/src/main/java/com/example/controller/UserController.java
/Users/sheevpalpatine/Desktop/Coding/Full_Stack_Projects/Zillow/Project/Zillow/Zillow/zillow-user/src/main/java/com/example/dao/LoginLogDao.java
/Users/sheevpalpatine/Desktop/Coding/Full_Stack_Projects/Zillow/Project/Zillow/Zillow/zillow-user/src/main/java/com/example/dao/VerificationDao.java
/Users/sheevpalpatine/Desktop/Coding/Full_Stack_Projects/Zillow/Project/Zillow/Zillow/zillow-user/src/main/java/com/example/service/AuthenticationService.java
/Users/sheevpalpatine/Desktop/Coding/Full_Stack_Projects/Zillow/Project/Zillow/Zillow/zillow-user/src/main/java/com/example/config/LoginRedisConfiguration.java
/Users/sheevpalpatine/Desktop/Coding/Full_Stack_Projects/Zillow/Project/Zillow/Zillow/zillow-user/src/main/java/com/example/dao/impl/UserDaoImpl.java
/Users/sheevpalpatine/Desktop/Coding/Full_Stack_Projects/Zillow/Project/Zillow/Zillow/zillow-user/src/main/java/com/example/dao/impl/LoginLogDaoImpl.java
